
 ⛅️ wrangler 4.129.0 (update available 4.132.0)
───────────────────────────────────────────────
Using redirected Wrangler configuration.
 - Configuration being used: "dist\server\wrangler.json"
 - Original user's configuration: "wrangler.jsonc"
 - Deploy configuration file: ".wrangler\deploy\config.json"
Attaching additional modules:
┌───────────────────────────────────────────────┬──────┬─────────────┐
│ Name                                          │ Type │ Size        │
├───────────────────────────────────────────────┼──────┼─────────────┤
│ assets/characters-BPjinb6N.js                 │ esm  │ 0.16 KiB    │
├───────────────────────────────────────────────┼──────┼─────────────┤
│ assets/clients-BkuPDu-3.js                    │ esm  │ 0.16 KiB    │
├───────────────────────────────────────────────┼──────┼─────────────┤
│ assets/console-DrC6GPKE.js                    │ esm  │ 0.16 KiB    │
├───────────────────────────────────────────────┼──────┼─────────────┤
│ assets/docs-udQ07jdn.js                       │ esm  │ 0.15 KiB    │
├───────────────────────────────────────────────┼──────┼─────────────┤
│ assets/empty-plugin-adapters-D7mxBbir.js      │ esm  │ 0.28 KiB    │
├───────────────────────────────────────────────┼──────┼─────────────┤
│ assets/manifest-BDLu45U3.js                   │ esm  │ 91.56 KiB   │
├───────────────────────────────────────────────┼──────┼─────────────┤
│ assets/matchContext-BJuTIfvk.js               │ esm  │ 2.65 KiB    │
├───────────────────────────────────────────────┼──────┼─────────────┤
│ assets/messages-KxJa7rm8.js                   │ esm  │ 0.16 KiB    │
├───────────────────────────────────────────────┼──────┼─────────────┤
│ assets/mqtt.esm-D_637COy.js                   │ esm  │ 460.49 KiB  │
├───────────────────────────────────────────────┼──────┼─────────────┤
│ assets/react-dom-DFz6zqDu.js                  │ esm  │ 72.57 KiB   │
├───────────────────────────────────────────────┼──────┼─────────────┤
│ assets/reception-B4nm14bB.js                  │ esm  │ 0.15 KiB    │
├───────────────────────────────────────────────┼──────┼─────────────┤
│ assets/reception-panel-GABDt3s9.js            │ esm  │ 864.39 KiB  │
├───────────────────────────────────────────────┼──────┼─────────────┤
│ assets/router-DfzSUbfS.js                     │ esm  │ 1991.57 KiB │
├───────────────────────────────────────────────┼──────┼─────────────┤
│ assets/routes-IOcWrJ1E.js                     │ esm  │ 221.21 KiB  │
├───────────────────────────────────────────────┼──────┼─────────────┤
│ assets/server-access.server-CVPY0-FP.js       │ esm  │ 0.09 KiB    │
├───────────────────────────────────────────────┼──────┼─────────────┤
│ assets/settings-D3kn_OXY.js                   │ esm  │ 0.16 KiB    │
├───────────────────────────────────────────────┼──────┼─────────────┤
│ assets/start-DxgovzEb.js                      │ esm  │ 0.22 KiB    │
├───────────────────────────────────────────────┼──────┼─────────────┤
│ assets/usage-FcqKVyYO.js                      │ esm  │ 0.14 KiB    │
├───────────────────────────────────────────────┼──────┼─────────────┤
│ assets/_portal-Ch8iA6zF.js                    │ esm  │ 1.43 KiB    │
├───────────────────────────────────────────────┼──────┼─────────────┤
│ assets/_tanstack-start-manifest_v-2Xv5rk_J.js │ esm  │ 2.52 KiB    │
├───────────────────────────────────────────────┼──────┼─────────────┤
│ Total (20 modules)                            │      │ 3710.20 KiB │
└───────────────────────────────────────────────┴──────┴─────────────┘
✨ Read 18 files from the assets directory E:\project\aion2web\dist\client
Total Upload: 4364.23 KiB / gzip: 848.54 KiB
Your Worker has access to the following bindings:
Binding                                                             Resource                  
env.DB (aion2web-db)                                                D1 Database               
env.CLOUDFLARE_ACCOUNT_ID ("eb1e201a3afb3d17f33285240edd595e")      Environment Variable      

--dry-run: exiting now.
