
 ⛅️ wrangler 4.129.0 (update available 4.130.0)
───────────────────────────────────────────────
Using redirected Wrangler configuration.
 - Configuration being used: "dist\server\wrangler.json"
 - Original user's configuration: "wrangler.jsonc"
 - Deploy configuration file: ".wrangler\deploy\config.json"
Attaching additional modules:
┌───────────────────────────────────────────────┬──────┬─────────────┐
│ Name                                          │ Type │ Size        │
├───────────────────────────────────────────────┼──────┼─────────────┤
│ assets/ai-persona-BE75u9bf.js                 │ esm  │ 0.16 KiB    │
├───────────────────────────────────────────────┼──────┼─────────────┤
│ assets/characters-BPjinb6N.js                 │ esm  │ 0.16 KiB    │
├───────────────────────────────────────────────┼──────┼─────────────┤
│ assets/client-locks.server-Cpo-MPLL.js        │ esm  │ 0.09 KiB    │
├───────────────────────────────────────────────┼──────┼─────────────┤
│ assets/clients-BkuPDu-3.js                    │ esm  │ 0.16 KiB    │
├───────────────────────────────────────────────┼──────┼─────────────┤
│ assets/console-DrC6GPKE.js                    │ esm  │ 0.16 KiB    │
├───────────────────────────────────────────────┼──────┼─────────────┤
│ assets/docs-udQ07jdn.js                       │ esm  │ 0.15 KiB    │
├───────────────────────────────────────────────┼──────┼─────────────┤
│ assets/empty-plugin-adapters-D7mxBbir.js      │ esm  │ 0.28 KiB    │
├───────────────────────────────────────────────┼──────┼─────────────┤
│ assets/managed-chat-controls-C-LS_EQj.js      │ esm  │ 793.04 KiB  │
├───────────────────────────────────────────────┼──────┼─────────────┤
│ assets/manifest-BDLu45U3.js                   │ esm  │ 91.56 KiB   │
├───────────────────────────────────────────────┼──────┼─────────────┤
│ assets/matchContext-BJuTIfvk.js               │ esm  │ 2.65 KiB    │
├───────────────────────────────────────────────┼──────┼─────────────┤
│ assets/messages-KxJa7rm8.js                   │ esm  │ 0.16 KiB    │
├───────────────────────────────────────────────┼──────┼─────────────┤
│ assets/mqtt.esm-D_637COy.js                   │ esm  │ 460.49 KiB  │
├───────────────────────────────────────────────┼──────┼─────────────┤
│ assets/react-dom-DFz6zqDu.js                  │ esm  │ 72.57 KiB   │
├───────────────────────────────────────────────┼──────┼─────────────┤
│ assets/router-DyU-a8Yc.js                     │ esm  │ 1988.39 KiB │
├───────────────────────────────────────────────┼──────┼─────────────┤
│ assets/routes-2Dt3XE8Y.js                     │ esm  │ 234.35 KiB  │
├───────────────────────────────────────────────┼──────┼─────────────┤
│ assets/settings-D3kn_OXY.js                   │ esm  │ 0.16 KiB    │
├───────────────────────────────────────────────┼──────┼─────────────┤
│ assets/start-DxgovzEb.js                      │ esm  │ 0.22 KiB    │
├───────────────────────────────────────────────┼──────┼─────────────┤
│ assets/usage-FcqKVyYO.js                      │ esm  │ 0.14 KiB    │
├───────────────────────────────────────────────┼──────┼─────────────┤
│ assets/_portal-Bc6obk0t.js                    │ esm  │ 1.43 KiB    │
├───────────────────────────────────────────────┼──────┼─────────────┤
│ assets/_tanstack-start-manifest_v-rQ7EKBaT.js │ esm  │ 2.45 KiB    │
├───────────────────────────────────────────────┼──────┼─────────────┤
│ Total (20 modules)                            │      │ 3648.74 KiB │
└───────────────────────────────────────────────┴──────┴─────────────┘
✨ Read 18 files from the assets directory E:\project\aion2web\dist\client
Total Upload: 4302.78 KiB / gzip: 833.75 KiB
Your Worker has access to the following bindings:
Binding                                                             Resource                  
env.DB (aion2web-db)                                                D1 Database               
env.CLOUDFLARE_ACCOUNT_ID ("eb1e201a3afb3d17f33285240edd595e")      Environment Variable      

--dry-run: exiting now.
