Collecting pyinstaller
  Downloading pyinstaller-6.22.2-py3-none-win_amd64.whl.metadata (8.5 kB)
Collecting mitmproxy==11.0.2 (from -r E:/project/aion2/client/requirements.txt (line 1))
  Downloading mitmproxy-11.0.2-py3-none-any.whl.metadata (9.2 kB)
Collecting paho-mqtt==2.1.0 (from -r E:/project/aion2/client/requirements.txt (line 2))
  Downloading paho_mqtt-2.1.0-py3-none-any.whl.metadata (23 kB)
Collecting aioquic<=1.2.0,>=1.1.0 (from mitmproxy==11.0.2->-r E:/project/aion2/client/requirements.txt (line 1))
  Downloading aioquic-1.2.0-cp38-abi3-win_amd64.whl.metadata (6.5 kB)
Collecting asgiref<=3.8.1,>=3.2.10 (from mitmproxy==11.0.2->-r E:/project/aion2/client/requirements.txt (line 1))
  Downloading asgiref-3.8.1-py3-none-any.whl.metadata (9.3 kB)
Collecting Brotli<=1.1.0,>=1.0 (from mitmproxy==11.0.2->-r E:/project/aion2/client/requirements.txt (line 1))
  Downloading Brotli-1.1.0-cp312-cp312-win_amd64.whl.metadata (5.6 kB)
Collecting certifi>=2019.9.11 (from mitmproxy==11.0.2->-r E:/project/aion2/client/requirements.txt (line 1))
  Downloading certifi-2026.7.22-py3-none-any.whl.metadata (2.5 kB)
Collecting cryptography<44.1,>=42.0 (from mitmproxy==11.0.2->-r E:/project/aion2/client/requirements.txt (line 1))
  Downloading cryptography-44.0.3-cp39-abi3-win_amd64.whl.metadata (5.7 kB)
Collecting flask<=3.1.0,>=3.0 (from mitmproxy==11.0.2->-r E:/project/aion2/client/requirements.txt (line 1))
  Downloading flask-3.1.0-py3-none-any.whl.metadata (2.7 kB)
Collecting h11<=0.14.0,>=0.11 (from mitmproxy==11.0.2->-r E:/project/aion2/client/requirements.txt (line 1))
  Downloading h11-0.14.0-py3-none-any.whl.metadata (8.2 kB)
Collecting h2<=4.1.0,>=4.1 (from mitmproxy==11.0.2->-r E:/project/aion2/client/requirements.txt (line 1))
  Downloading h2-4.1.0-py3-none-any.whl.metadata (3.6 kB)
Collecting hyperframe<=6.0.1,>=6.0 (from mitmproxy==11.0.2->-r E:/project/aion2/client/requirements.txt (line 1))
  Downloading hyperframe-6.0.1-py3-none-any.whl.metadata (2.7 kB)
Collecting kaitaistruct<=0.10,>=0.10 (from mitmproxy==11.0.2->-r E:/project/aion2/client/requirements.txt (line 1))
  Downloading kaitaistruct-0.10-py2.py3-none-any.whl.metadata (2.5 kB)
Collecting ldap3<=2.9.1,>=2.8 (from mitmproxy==11.0.2->-r E:/project/aion2/client/requirements.txt (line 1))
  Downloading ldap3-2.9.1-py2.py3-none-any.whl.metadata (5.4 kB)
Collecting mitmproxy_rs<0.11,>=0.10.7 (from mitmproxy==11.0.2->-r E:/project/aion2/client/requirements.txt (line 1))
  Downloading mitmproxy_rs-0.10.7-cp310-abi3-win_amd64.whl.metadata (1.2 kB)
Collecting msgpack<=1.1.0,>=1.0.0 (from mitmproxy==11.0.2->-r E:/project/aion2/client/requirements.txt (line 1))
  Downloading msgpack-1.1.0-cp312-cp312-win_amd64.whl.metadata (8.6 kB)
Collecting passlib<=1.7.4,>=1.6.5 (from mitmproxy==11.0.2->-r E:/project/aion2/client/requirements.txt (line 1))
  Downloading passlib-1.7.4-py2.py3-none-any.whl.metadata (1.7 kB)
Collecting pydivert<=2.1.0,>=2.0.3 (from mitmproxy==11.0.2->-r E:/project/aion2/client/requirements.txt (line 1))
  Downloading pydivert-2.1.0-py2.py3-none-any.whl.metadata (8.0 kB)
Collecting pyOpenSSL<=24.3.0,>=22.1 (from mitmproxy==11.0.2->-r E:/project/aion2/client/requirements.txt (line 1))
  Downloading pyOpenSSL-24.3.0-py3-none-any.whl.metadata (15 kB)
Collecting pyparsing<=3.2.0,>=2.4.2 (from mitmproxy==11.0.2->-r E:/project/aion2/client/requirements.txt (line 1))
  Downloading pyparsing-3.2.0-py3-none-any.whl.metadata (5.0 kB)
Collecting pyperclip<=1.9.0,>=1.9.0 (from mitmproxy==11.0.2->-r E:/project/aion2/client/requirements.txt (line 1))
  Downloading pyperclip-1.9.0.tar.gz (20 kB)
  Installing build dependencies: started
  Installing build dependencies: finished with status 'done'
  Getting requirements to build wheel: started
  Getting requirements to build wheel: finished with status 'done'
  Preparing metadata (pyproject.toml): started
  Preparing metadata (pyproject.toml): finished with status 'done'
Collecting ruamel.yaml<=0.18.6,>=0.16 (from mitmproxy==11.0.2->-r E:/project/aion2/client/requirements.txt (line 1))
  Downloading ruamel.yaml-0.18.6-py3-none-any.whl.metadata (23 kB)
Collecting sortedcontainers<=2.4.0,>=2.3 (from mitmproxy==11.0.2->-r E:/project/aion2/client/requirements.txt (line 1))
  Downloading sortedcontainers-2.4.0-py2.py3-none-any.whl.metadata (10 kB)
Collecting tornado<=6.4.2,>=6.4.1 (from mitmproxy==11.0.2->-r E:/project/aion2/client/requirements.txt (line 1))
  Downloading tornado-6.4.2-cp38-abi3-win_amd64.whl.metadata (2.6 kB)
Collecting urwid<=2.6.16,>=2.6.14 (from mitmproxy==11.0.2->-r E:/project/aion2/client/requirements.txt (line 1))
  Downloading urwid-2.6.16-py3-none-any.whl.metadata (11 kB)
Collecting wsproto<=1.2.0,>=1.0 (from mitmproxy==11.0.2->-r E:/project/aion2/client/requirements.txt (line 1))
  Downloading wsproto-1.2.0-py3-none-any.whl.metadata (5.6 kB)
Collecting publicsuffix2<=2.20191221,>=2.20190812 (from mitmproxy==11.0.2->-r E:/project/aion2/client/requirements.txt (line 1))
  Downloading publicsuffix2-2.20191221-py2.py3-none-any.whl.metadata (13 kB)
Collecting zstandard<=0.23.0,>=0.15 (from mitmproxy==11.0.2->-r E:/project/aion2/client/requirements.txt (line 1))
  Downloading zstandard-0.23.0-cp312-cp312-win_amd64.whl.metadata (3.0 kB)
Collecting altgraph (from pyinstaller)
  Downloading altgraph-0.17.5-py2.py3-none-any.whl.metadata (7.5 kB)
Collecting packaging>=22.0 (from pyinstaller)
  Downloading packaging-26.3-py3-none-any.whl.metadata (3.5 kB)
Collecting pefile>=2022.5.30 (from pyinstaller)
  Downloading pefile-2024.8.26-py3-none-any.whl.metadata (1.4 kB)
Collecting pyinstaller-hooks-contrib>=2026.6 (from pyinstaller)
  Downloading pyinstaller_hooks_contrib-2026.7-py3-none-any.whl.metadata (16 kB)
Collecting pywin32-ctypes>=0.2.1 (from pyinstaller)
  Downloading pywin32_ctypes-0.2.3-py3-none-any.whl.metadata (3.9 kB)
Collecting setuptools>=42.0.0 (from pyinstaller)
  Downloading setuptools-84.0.0-py3-none-any.whl.metadata (6.6 kB)
Collecting pylsqpack<0.4.0,>=0.3.3 (from aioquic<=1.2.0,>=1.1.0->mitmproxy==11.0.2->-r E:/project/aion2/client/requirements.txt (line 1))
  Downloading pylsqpack-0.3.24-cp310-abi3-win_amd64.whl.metadata (2.1 kB)
Collecting service-identity>=24.1.0 (from aioquic<=1.2.0,>=1.1.0->mitmproxy==11.0.2->-r E:/project/aion2/client/requirements.txt (line 1))
  Downloading service_identity-26.1.0-py3-none-any.whl.metadata (4.8 kB)
Collecting cffi>=1.12 (from cryptography<44.1,>=42.0->mitmproxy==11.0.2->-r E:/project/aion2/client/requirements.txt (line 1))
  Downloading cffi-2.1.1-cp312-cp312-win_amd64.whl.metadata (2.6 kB)
Collecting Werkzeug>=3.1 (from flask<=3.1.0,>=3.0->mitmproxy==11.0.2->-r E:/project/aion2/client/requirements.txt (line 1))
  Downloading werkzeug-3.1.8-py3-none-any.whl.metadata (4.0 kB)
Collecting Jinja2>=3.1.2 (from flask<=3.1.0,>=3.0->mitmproxy==11.0.2->-r E:/project/aion2/client/requirements.txt (line 1))
  Downloading jinja2-3.1.6-py3-none-any.whl.metadata (2.9 kB)
Collecting itsdangerous>=2.2 (from flask<=3.1.0,>=3.0->mitmproxy==11.0.2->-r E:/project/aion2/client/requirements.txt (line 1))
  Downloading itsdangerous-2.2.0-py3-none-any.whl.metadata (1.9 kB)
Collecting click>=8.1.3 (from flask<=3.1.0,>=3.0->mitmproxy==11.0.2->-r E:/project/aion2/client/requirements.txt (line 1))
  Downloading click-8.5.0-py3-none-any.whl.metadata (2.6 kB)
Collecting blinker>=1.9 (from flask<=3.1.0,>=3.0->mitmproxy==11.0.2->-r E:/project/aion2/client/requirements.txt (line 1))
  Downloading blinker-1.9.0-py3-none-any.whl.metadata (1.6 kB)
Collecting hpack<5,>=4.0 (from h2<=4.1.0,>=4.1->mitmproxy==11.0.2->-r E:/project/aion2/client/requirements.txt (line 1))
  Downloading hpack-4.2.0-py3-none-any.whl.metadata (3.3 kB)
Collecting pyasn1>=0.4.6 (from ldap3<=2.9.1,>=2.8->mitmproxy==11.0.2->-r E:/project/aion2/client/requirements.txt (line 1))
  Downloading pyasn1-0.6.4-py3-none-any.whl.metadata (8.4 kB)
Collecting mitmproxy-windows==0.10.7 (from mitmproxy_rs<0.11,>=0.10.7->mitmproxy==11.0.2->-r E:/project/aion2/client/requirements.txt (line 1))
  Downloading mitmproxy_windows-0.10.7-py3-none-any.whl.metadata (783 bytes)
Collecting ruamel.yaml.clib>=0.2.7 (from ruamel.yaml<=0.18.6,>=0.16->mitmproxy==11.0.2->-r E:/project/aion2/client/requirements.txt (line 1))
  Downloading ruamel_yaml_clib-0.2.15-cp312-cp312-win_amd64.whl.metadata (3.6 kB)
Collecting typing-extensions (from urwid<=2.6.16,>=2.6.14->mitmproxy==11.0.2->-r E:/project/aion2/client/requirements.txt (line 1))
  Downloading typing_extensions-4.16.0-py3-none-any.whl.metadata (3.3 kB)
Collecting wcwidth (from urwid<=2.6.16,>=2.6.14->mitmproxy==11.0.2->-r E:/project/aion2/client/requirements.txt (line 1))
  Downloading wcwidth-0.8.3-py3-none-any.whl.metadata (43 kB)
Collecting pycparser (from cffi>=1.12->cryptography<44.1,>=42.0->mitmproxy==11.0.2->-r E:/project/aion2/client/requirements.txt (line 1))
  Downloading pycparser-3.0-py3-none-any.whl.metadata (8.2 kB)
Collecting MarkupSafe>=2.0 (from Jinja2>=3.1.2->flask<=3.1.0,>=3.0->mitmproxy==11.0.2->-r E:/project/aion2/client/requirements.txt (line 1))
  Downloading markupsafe-3.0.3-cp312-cp312-win_amd64.whl.metadata (2.8 kB)
Collecting attrs>=19.1.0 (from service-identity>=24.1.0->aioquic<=1.2.0,>=1.1.0->mitmproxy==11.0.2->-r E:/project/aion2/client/requirements.txt (line 1))
  Downloading attrs-26.1.0-py3-none-any.whl.metadata (8.8 kB)
INFO: pip is looking at multiple versions of service-identity to determine which version is compatible with other requirements. This could take a while.
Collecting service-identity>=24.1.0 (from aioquic<=1.2.0,>=1.1.0->mitmproxy==11.0.2->-r E:/project/aion2/client/requirements.txt (line 1))
  Downloading service_identity-24.2.0-py3-none-any.whl.metadata (5.1 kB)
Collecting pyasn1-modules (from service-identity>=24.1.0->aioquic<=1.2.0,>=1.1.0->mitmproxy==11.0.2->-r E:/project/aion2/client/requirements.txt (line 1))
  Downloading pyasn1_modules-0.4.2-py3-none-any.whl.metadata (3.5 kB)
Downloading mitmproxy-11.0.2-py3-none-any.whl (1.7 MB)
   ---------------------------------------- 1.7/1.7 MB 1.1 MB/s eta 0:00:00
Downloading paho_mqtt-2.1.0-py3-none-any.whl (67 kB)
Downloading pyinstaller-6.22.2-py3-none-win_amd64.whl (1.4 MB)
   ---------------------------------------- 1.4/1.4 MB 1.4 MB/s eta 0:00:00
Downloading aioquic-1.2.0-cp38-abi3-win_amd64.whl (1.5 MB)
   ---------------------------------------- 1.5/1.5 MB 1.4 MB/s eta 0:00:00
Downloading asgiref-3.8.1-py3-none-any.whl (23 kB)
Downloading Brotli-1.1.0-cp312-cp312-win_amd64.whl (357 kB)
Downloading certifi-2026.7.22-py3-none-any.whl (136 kB)
Downloading cryptography-44.0.3-cp39-abi3-win_amd64.whl (3.2 MB)
   ---------------------------------------- 3.2/3.2 MB 1.3 MB/s eta 0:00:00
Downloading flask-3.1.0-py3-none-any.whl (102 kB)
Downloading h11-0.14.0-py3-none-any.whl (58 kB)
Downloading h2-4.1.0-py3-none-any.whl (57 kB)
Downloading hyperframe-6.0.1-py3-none-any.whl (12 kB)
Downloading kaitaistruct-0.10-py2.py3-none-any.whl (7.0 kB)
Downloading ldap3-2.9.1-py2.py3-none-any.whl (432 kB)
Downloading mitmproxy_rs-0.10.7-cp310-abi3-win_amd64.whl (1.6 MB)
   ---------------------------------------- 1.6/1.6 MB 1.9 MB/s eta 0:00:00
Downloading mitmproxy_windows-0.10.7-py3-none-any.whl (474 kB)
Downloading msgpack-1.1.0-cp312-cp312-win_amd64.whl (75 kB)
Downloading packaging-26.3-py3-none-any.whl (129 kB)
Downloading passlib-1.7.4-py2.py3-none-any.whl (525 kB)
   ---------------------------------------- 525.6/525.6 kB 2.1 MB/s eta 0:00:00
Downloading pefile-2024.8.26-py3-none-any.whl (74 kB)
Downloading publicsuffix2-2.20191221-py2.py3-none-any.whl (89 kB)
Downloading pydivert-2.1.0-py2.py3-none-any.whl (104 kB)
Downloading pyinstaller_hooks_contrib-2026.7-py3-none-any.whl (459 kB)
Downloading pyOpenSSL-24.3.0-py3-none-any.whl (56 kB)
Downloading pyparsing-3.2.0-py3-none-any.whl (106 kB)
Downloading pywin32_ctypes-0.2.3-py3-none-any.whl (30 kB)
Downloading ruamel.yaml-0.18.6-py3-none-any.whl (117 kB)
Downloading setuptools-84.0.0-py3-none-any.whl (818 kB)
   ---------------------------------------- 818.2/818.2 kB 2.4 MB/s eta 0:00:00
Downloading sortedcontainers-2.4.0-py2.py3-none-any.whl (29 kB)
Downloading tornado-6.4.2-cp38-abi3-win_amd64.whl (438 kB)
Downloading urwid-2.6.16-py3-none-any.whl (297 kB)
Downloading wsproto-1.2.0-py3-none-any.whl (24 kB)
Downloading zstandard-0.23.0-cp312-cp312-win_amd64.whl (495 kB)
Downloading altgraph-0.17.5-py2.py3-none-any.whl (21 kB)
Downloading blinker-1.9.0-py3-none-any.whl (8.5 kB)
Downloading cffi-2.1.1-cp312-cp312-win_amd64.whl (185 kB)
Downloading click-8.5.0-py3-none-any.whl (125 kB)
Downloading hpack-4.2.0-py3-none-any.whl (34 kB)
Downloading itsdangerous-2.2.0-py3-none-any.whl (16 kB)
Downloading jinja2-3.1.6-py3-none-any.whl (134 kB)
Downloading pyasn1-0.6.4-py3-none-any.whl (84 kB)
Downloading pylsqpack-0.3.24-cp310-abi3-win_amd64.whl (156 kB)
Downloading ruamel_yaml_clib-0.2.15-cp312-cp312-win_amd64.whl (119 kB)
Downloading service_identity-24.2.0-py3-none-any.whl (11 kB)
Downloading werkzeug-3.1.8-py3-none-any.whl (226 kB)
Downloading typing_extensions-4.16.0-py3-none-any.whl (45 kB)
Downloading wcwidth-0.8.3-py3-none-any.whl (331 kB)
Downloading attrs-26.1.0-py3-none-any.whl (67 kB)
Downloading markupsafe-3.0.3-cp312-cp312-win_amd64.whl (15 kB)
Downloading pyasn1_modules-0.4.2-py3-none-any.whl (181 kB)
Downloading pycparser-3.0-py3-none-any.whl (48 kB)
Building wheels for collected packages: pyperclip
  Building wheel for pyperclip (pyproject.toml): started
  Building wheel for pyperclip (pyproject.toml): finished with status 'done'
  Created wheel for pyperclip: filename=pyperclip-1.9.0-py3-none-any.whl size=11117 sha256=015eff4b4749cb5fb7677eb998942377a59e205081a54ddd4e769c1ff85b5e65
  Stored in directory: c:\users\administrator\appdata\local\temp\aion2-pip-cache\wheels\e0\e8\fc\8ab8aa326e33bc066ccd5f3ca9646eab4299881af933f94f09
Successfully built pyperclip
Installing collected packages: sortedcontainers, pyperclip, pydivert, publicsuffix2, passlib, Brotli, altgraph, zstandard, wcwidth, typing-extensions, tornado, setuptools, ruamel.yaml.clib, pywin32-ctypes, pyparsing, pylsqpack, pycparser, pyasn1, pefile, paho-mqtt, packaging, msgpack, mitmproxy-windows, MarkupSafe, kaitaistruct, itsdangerous, hyperframe, hpack, h11, click, certifi, blinker, attrs, asgiref, wsproto, Werkzeug, urwid, ruamel.yaml, pyinstaller-hooks-contrib, pyasn1-modules, mitmproxy_rs, ldap3, Jinja2, h2, cffi, pyinstaller, flask, cryptography, service-identity, pyOpenSSL, aioquic, mitmproxy
Successfully installed Brotli-1.1.0 Jinja2-3.1.6 MarkupSafe-3.0.3 Werkzeug-3.1.8 aioquic-1.2.0 altgraph-0.17.5 asgiref-3.8.1 attrs-26.1.0 blinker-1.9.0 certifi-2026.7.22 cffi-2.1.1 click-8.5.0 cryptography-44.0.3 flask-3.1.0 h11-0.14.0 h2-4.1.0 hpack-4.2.0 hyperframe-6.0.1 itsdangerous-2.2.0 kaitaistruct-0.10 ldap3-2.9.1 mitmproxy-11.0.2 mitmproxy-windows-0.10.7 mitmproxy_rs-0.10.7 msgpack-1.1.0 packaging-26.3 paho-mqtt-2.1.0 passlib-1.7.4 pefile-2024.8.26 publicsuffix2-2.20191221 pyOpenSSL-24.3.0 pyasn1-0.6.4 pyasn1-modules-0.4.2 pycparser-3.0 pydivert-2.1.0 pyinstaller-6.22.2 pyinstaller-hooks-contrib-2026.7 pylsqpack-0.3.24 pyparsing-3.2.0 pyperclip-1.9.0 pywin32-ctypes-0.2.3 ruamel.yaml-0.18.6 ruamel.yaml.clib-0.2.15 service-identity-24.2.0 setuptools-84.0.0 sortedcontainers-2.4.0 tornado-6.4.2 typing-extensions-4.16.0 urwid-2.6.16 wcwidth-0.8.3 wsproto-1.2.0 zstandard-0.23.0
