
> build
> npm run docs:export && vite build


> docs:export
> node scripts/export-api-docs.mjs

Exported AI reference: 21 HTTP routes, 10 MQTT sections; credentials excluded
vite v8.2.2 building client environment for production...
transforming...

[@tanstack/devtools-vite] Removed devtools code from: /src/routes/__root.tsx

✓ 2270 modules transformed.
rendering chunks...
computing gzip size...
dist/client/.assetsignore                      0.02 kB
dist/client/assets/index-Cfj9jsil.css          4.68 kB │ gzip:   1.46 kB
dist/client/assets/styles-CVN2QwCG.css        93.98 kB │ gzip:  18.56 kB
dist/client/assets/intelligence-DJ7LAi8J.js    0.03 kB │ gzip:   0.05 kB
dist/client/assets/reception-DJ7LAi8J.js       0.03 kB │ gzip:   0.05 kB
dist/client/assets/usage-DJ7LAi8J.js           0.03 kB │ gzip:   0.05 kB
dist/client/assets/characters-CAIeH5mq.js      0.04 kB │ gzip:   0.06 kB
dist/client/assets/clients-CAIeH5mq.js         0.04 kB │ gzip:   0.06 kB
dist/client/assets/console-CAIeH5mq.js         0.04 kB │ gzip:   0.06 kB
dist/client/assets/docs-CAIeH5mq.js            0.04 kB │ gzip:   0.06 kB
dist/client/assets/messages-CAIeH5mq.js        0.04 kB │ gzip:   0.06 kB
dist/client/assets/settings-CAIeH5mq.js        0.04 kB │ gzip:   0.06 kB
dist/client/assets/_portal-DbYMk9z0.js         0.29 kB │ gzip:   0.22 kB
dist/client/assets/routes-BfMA2_Ll.js        132.58 kB │ gzip:  35.55 kB
dist/client/assets/mqtt.esm-DJxwHEmv.js      357.42 kB │ gzip: 104.47 kB
dist/client/assets/index-Ba2phmDY.js         973.49 kB │ gzip: 292.53 kB

✓ built in 3.69s
[plugin builtin:vite-reporter] 
(!) Some chunks are larger than 500 kB after minification. Consider:
- Using dynamic import() to code-split the application
- Use build.rolldownOptions.output.codeSplitting to improve chunking: https://rolldown.rs/reference/OutputOptions.codeSplitting
- Adjust chunk size limit for this warning via build.chunkSizeWarningLimit.
[PLUGIN_TIMINGS] Plugin hooks ran for 3.3s of this 3.7s build (89%).
The slowest hooks, timed inside each callback (the wait before a callback starts is excluded, the time it awaits is included):
  - @tailwindcss/vite:generate:build transform (52%, 1.9s, 3 calls)
Additional hook time came from the hooks below and from hooks under 1s.
2 hooks are listed without a time. Their calls overlapped, so the time inside one call includes work from other calls. To find their cost, profile the build with `node --cpu-prof`:
  - tanstack-start-core:import-protection resolveId (6587 calls)
  - vite:asset load (2 calls)
See https://rolldown.rs/reference/InputOptions.checks#plugintimings for more details.

vite v8.2.2 building ssr environment for production...
transforming...

[@tanstack/devtools-vite] Removed devtools code from: /src/routes/__root.tsx

✓ 3195 modules transformed.
rendering chunks...
Using secrets defined in process.env
▲ [WARNING] Missing required secrets: UPLOAD_API_TOKEN, OPENROUTER_API_KEY. Add them to .dev.vars, .env, or set as environment variables.


computing gzip size...
dist/server/wrangler.json                                      1.61 kB │ gzip:   0.87 kB
dist/server/.vite/manifest.json                                7.02 kB │ gzip:   1.15 kB
dist/server/assets/reception-panel-Cfj9jsil.css                4.68 kB │ gzip:   1.46 kB
dist/server/assets/styles-CVN2QwCG.css                        93.98 kB │ gzip:  18.56 kB
dist/server/assets/server-access.server-BAuZOUO6.js            0.08 kB │ gzip:   0.08 kB
dist/server/assets/usage-FcqKVyYO.js                           0.14 kB │ gzip:   0.12 kB
dist/server/assets/reception-B4nm14bB.js                       0.14 kB │ gzip:   0.13 kB
dist/server/assets/intelligence-DaWblOqe.js                    0.15 kB │ gzip:   0.13 kB
dist/server/assets/docs-udQ07jdn.js                            0.15 kB │ gzip:   0.13 kB
dist/server/assets/clients-BkuPDu-3.js                         0.16 kB │ gzip:   0.14 kB
dist/server/assets/console-DrC6GPKE.js                         0.16 kB │ gzip:   0.14 kB
dist/server/assets/messages-KxJa7rm8.js                        0.16 kB │ gzip:   0.14 kB
dist/server/assets/settings-D3kn_OXY.js                        0.16 kB │ gzip:   0.14 kB
dist/server/assets/characters-BPjinb6N.js                      0.16 kB │ gzip:   0.14 kB
dist/server/assets/start-DxgovzEb.js                           0.22 kB │ gzip:   0.17 kB
dist/server/assets/empty-plugin-adapters-D7mxBbir.js           0.28 kB │ gzip:   0.18 kB
dist/server/assets/_portal-BgznBNjF.js                         1.46 kB │ gzip:   0.74 kB
dist/server/assets/matchContext-BJuTIfvk.js                    2.70 kB │ gzip:   1.13 kB
dist/server/assets/_tanstack-start-manifest_v-CRXsDD8a.js      2.86 kB │ gzip:   0.69 kB
dist/server/assets/react-dom-DFz6zqDu.js                      74.30 kB │ gzip:  20.00 kB
dist/server/assets/manifest-BDLu45U3.js                       93.75 kB │ gzip:  22.25 kB
dist/server/assets/routes-BqUMXWzs.js                        256.62 kB │ gzip:  48.37 kB
dist/server/assets/mqtt.esm-D_637COy.js                      471.54 kB │ gzip: 124.36 kB
dist/server/index.js                                         669.73 kB │ gzip: 137.47 kB
dist/server/assets/reception-panel-DFG8krgt.js             1,011.31 kB │ gzip: 247.47 kB
dist/server/assets/router-eoi3r8rm.js                      2,091.15 kB │ gzip: 328.67 kB

[INEFFECTIVE_DYNAMIC_IMPORT] src/server/server-access.server.ts is dynamically imported by src/routes/api/ai/chat.ts but also statically imported by src/routes/api/ai/reception.ts, src/routes/api/auth.ts, src/routes/api/character-tracking.ts, src/routes/api/characters.ts, src/routes/api/characters/profile.ts, ..., dynamic import will not move module into another chunk.

✓ built in 3.59s
