
 ⛅️ wrangler 4.129.0 (update available 4.135.0)
───────────────────────────────────────────────
Using redirected Wrangler configuration.
 - Configuration being used: "dist\server\wrangler.json"
 - Original user's configuration: "wrangler.jsonc"
 - Deploy configuration file: ".wrangler\deploy\config.json"
Attaching additional modules:
┌───────────────────────────────────────────────┬──────┬─────────────┐
│ Name                                          │ Type │ Size        │
├───────────────────────────────────────────────┼──────┼─────────────┤
│ assets/characters-BPjinb6N.js                 │ esm  │ 0.16 KiB    │
├───────────────────────────────────────────────┼──────┼─────────────┤
│ assets/clients-BkuPDu-3.js                    │ esm  │ 0.16 KiB    │
├───────────────────────────────────────────────┼──────┼─────────────┤
│ assets/console-DrC6GPKE.js                    │ esm  │ 0.16 KiB    │
├───────────────────────────────────────────────┼──────┼─────────────┤
│ assets/docs-udQ07jdn.js                       │ esm  │ 0.15 KiB    │
├───────────────────────────────────────────────┼──────┼─────────────┤
│ assets/empty-plugin-adapters-D7mxBbir.js      │ esm  │ 0.28 KiB    │
├───────────────────────────────────────────────┼──────┼─────────────┤
│ assets/intelligence-DaWblOqe.js               │ esm  │ 0.15 KiB    │
├───────────────────────────────────────────────┼──────┼─────────────┤
│ assets/manifest-BDLu45U3.js                   │ esm  │ 91.56 KiB   │
├───────────────────────────────────────────────┼──────┼─────────────┤
│ assets/matchContext-BJuTIfvk.js               │ esm  │ 2.65 KiB    │
├───────────────────────────────────────────────┼──────┼─────────────┤
│ assets/messages-KxJa7rm8.js                   │ esm  │ 0.16 KiB    │
├───────────────────────────────────────────────┼──────┼─────────────┤
│ assets/mqtt.esm-D_637COy.js                   │ esm  │ 460.49 KiB  │
├───────────────────────────────────────────────┼──────┼─────────────┤
│ assets/react-dom-DFz6zqDu.js                  │ esm  │ 72.57 KiB   │
├───────────────────────────────────────────────┼──────┼─────────────┤
│ assets/reception-B4nm14bB.js                  │ esm  │ 0.15 KiB    │
├───────────────────────────────────────────────┼──────┼─────────────┤
│ assets/reception-panel-u-ZrAlH6.js            │ esm  │ 891.87 KiB  │
├───────────────────────────────────────────────┼──────┼─────────────┤
│ assets/router-CetqR1Lz.js                     │ esm  │ 2005.90 KiB │
├───────────────────────────────────────────────┼──────┼─────────────┤
│ assets/routes-DW9q0xjl.js                     │ esm  │ 227.25 KiB  │
├───────────────────────────────────────────────┼──────┼─────────────┤
│ assets/server-access.server-x4op4dfl.js       │ esm  │ 0.09 KiB    │
├───────────────────────────────────────────────┼──────┼─────────────┤
│ assets/settings-D3kn_OXY.js                   │ esm  │ 0.16 KiB    │
├───────────────────────────────────────────────┼──────┼─────────────┤
│ assets/start-DxgovzEb.js                      │ esm  │ 0.22 KiB    │
├───────────────────────────────────────────────┼──────┼─────────────┤
│ assets/usage-FcqKVyYO.js                      │ esm  │ 0.14 KiB    │
├───────────────────────────────────────────────┼──────┼─────────────┤
│ assets/_portal-ClYX-eaa.js                    │ esm  │ 1.43 KiB    │
├───────────────────────────────────────────────┼──────┼─────────────┤
│ assets/_tanstack-start-manifest_v-Bd_zHK23.js │ esm  │ 2.74 KiB    │
├───────────────────────────────────────────────┼──────┼─────────────┤
│ Total (21 modules)                            │      │ 3758.42 KiB │
└───────────────────────────────────────────────┴──────┴─────────────┘
🌀 Building list of assets...
✨ Read 19 files from the assets directory E:\project\aion2web\dist\client
🌀 Starting asset upload...
🌀 Found 3 new or modified static assets to upload. Proceeding with upload...
+ /assets/_portal-DP58QMsI.js
+ /assets/routes-Dbysb-4Q.js
+ /assets/index-DcF1WxR_.js
Uploaded 1 of 3 assets
Uploaded 2 of 3 assets
Uploaded 3 of 3 assets
✨ Success! Uploaded 3 files (14 already uploaded) (2.30 sec)

Total Upload: 4412.45 KiB / gzip: 859.67 KiB
Worker Startup Time: 10 ms
Your Worker has access to the following bindings:
Binding                                                             Resource                  
env.DB (aion2web-db)                                                D1 Database               
env.CLOUDFLARE_ACCOUNT_ID ("eb1e201a3afb3d17f33285240edd595e")      Environment Variable      

Uploaded aion2web (8.28 sec)
Deployed aion2web triggers (1.86 sec)
  mmorpgchat.com (custom domain)
Current Version ID: 6e1df7fc-4fc6-4f78-bac8-96f026fb0e66
