
 ⛅️ wrangler 4.129.0 (update available 4.136.1)
───────────────────────────────────────────────
Using redirected Wrangler configuration.
 - Configuration being used: "dist\server\wrangler.json"
 - Original user's configuration: "wrangler.jsonc"
 - Deploy configuration file: ".wrangler\deploy\config.json"
Attaching additional modules:
┌───────────────────────────────────────────────┬──────┬─────────────┐
│ Name                                          │ Type │ Size        │
├───────────────────────────────────────────────┼──────┼─────────────┤
│ assets/characters-BPjinb6N.js                 │ esm  │ 0.16 KiB    │
├───────────────────────────────────────────────┼──────┼─────────────┤
│ assets/clients-BkuPDu-3.js                    │ esm  │ 0.16 KiB    │
├───────────────────────────────────────────────┼──────┼─────────────┤
│ assets/console-DrC6GPKE.js                    │ esm  │ 0.16 KiB    │
├───────────────────────────────────────────────┼──────┼─────────────┤
│ assets/docs-udQ07jdn.js                       │ esm  │ 0.15 KiB    │
├───────────────────────────────────────────────┼──────┼─────────────┤
│ assets/empty-plugin-adapters-D7mxBbir.js      │ esm  │ 0.28 KiB    │
├───────────────────────────────────────────────┼──────┼─────────────┤
│ assets/intelligence-DaWblOqe.js               │ esm  │ 0.15 KiB    │
├───────────────────────────────────────────────┼──────┼─────────────┤
│ assets/manifest-BDLu45U3.js                   │ esm  │ 91.56 KiB   │
├───────────────────────────────────────────────┼──────┼─────────────┤
│ assets/matchContext-BJuTIfvk.js               │ esm  │ 2.65 KiB    │
├───────────────────────────────────────────────┼──────┼─────────────┤
│ assets/messages-KxJa7rm8.js                   │ esm  │ 0.16 KiB    │
├───────────────────────────────────────────────┼──────┼─────────────┤
│ assets/mqtt.esm-D_637COy.js                   │ esm  │ 460.49 KiB  │
├───────────────────────────────────────────────┼──────┼─────────────┤
│ assets/react-dom-DFz6zqDu.js                  │ esm  │ 72.57 KiB   │
├───────────────────────────────────────────────┼──────┼─────────────┤
│ assets/reception-B4nm14bB.js                  │ esm  │ 0.15 KiB    │
├───────────────────────────────────────────────┼──────┼─────────────┤
│ assets/reception-panel-CmVMlae9.js            │ esm  │ 900.19 KiB  │
├───────────────────────────────────────────────┼──────┼─────────────┤
│ assets/router-LqX6D2-V.js                     │ esm  │ 2014.38 KiB │
├───────────────────────────────────────────────┼──────┼─────────────┤
│ assets/routes-3EUTKDuF.js                     │ esm  │ 230.96 KiB  │
├───────────────────────────────────────────────┼──────┼─────────────┤
│ assets/server-access.server-JXqg-Vd9.js       │ esm  │ 0.09 KiB    │
├───────────────────────────────────────────────┼──────┼─────────────┤
│ assets/settings-D3kn_OXY.js                   │ esm  │ 0.16 KiB    │
├───────────────────────────────────────────────┼──────┼─────────────┤
│ assets/start-DxgovzEb.js                      │ esm  │ 0.22 KiB    │
├───────────────────────────────────────────────┼──────┼─────────────┤
│ assets/usage-FcqKVyYO.js                      │ esm  │ 0.14 KiB    │
├───────────────────────────────────────────────┼──────┼─────────────┤
│ assets/_portal-DVXeJYM8.js                    │ esm  │ 1.43 KiB    │
├───────────────────────────────────────────────┼──────┼─────────────┤
│ assets/_tanstack-start-manifest_v-DqKgmSjw.js │ esm  │ 2.76 KiB    │
├───────────────────────────────────────────────┼──────┼─────────────┤
│ Total (21 modules)                            │      │ 3778.94 KiB │
└───────────────────────────────────────────────┴──────┴─────────────┘
✨ Read 19 files from the assets directory E:\project\aion2web\dist\client
Total Upload: 4432.98 KiB / gzip: 863.07 KiB
Your Worker has access to the following bindings:
Binding                                                             Resource                  
env.DB (aion2web-db)                                                D1 Database               
env.CLOUDFLARE_ACCOUNT_ID ("eb1e201a3afb3d17f33285240edd595e")      Environment Variable      

--dry-run: exiting now.
