
> build
> vite build

vite v8.2.2 building client environment for production...
transforming...

[@tanstack/devtools-vite] Removed devtools code from: /src/routes/__root.tsx

✓ 2252 modules transformed.
rendering chunks...
computing gzip size...
dist/client/.assetsignore                    0.02 kB
dist/client/assets/index-BvXROlNY.css        3.78 kB │ gzip:   1.25 kB
dist/client/assets/styles--cfo4NXY.css      82.27 kB │ gzip:  16.49 kB
dist/client/assets/usage-DJ7LAi8J.js         0.03 kB │ gzip:   0.05 kB
dist/client/assets/ai-persona-CAIeH5mq.js    0.04 kB │ gzip:   0.06 kB
dist/client/assets/characters-CAIeH5mq.js    0.04 kB │ gzip:   0.06 kB
dist/client/assets/clients-CAIeH5mq.js       0.04 kB │ gzip:   0.06 kB
dist/client/assets/console-CAIeH5mq.js       0.04 kB │ gzip:   0.06 kB
dist/client/assets/docs-CAIeH5mq.js          0.04 kB │ gzip:   0.06 kB
dist/client/assets/messages-CAIeH5mq.js      0.04 kB │ gzip:   0.06 kB
dist/client/assets/settings-CAIeH5mq.js      0.04 kB │ gzip:   0.06 kB
dist/client/assets/_portal-yZfNDwwX.js       0.29 kB │ gzip:   0.22 kB
dist/client/assets/routes-BAc7kFVM.js      117.82 kB │ gzip:  31.38 kB
dist/client/assets/mqtt.esm-DJxwHEmv.js    357.42 kB │ gzip: 104.47 kB
dist/client/assets/index-D86xB_WX.js       823.86 kB │ gzip: 245.45 kB

✓ built in 1.39s
[plugin builtin:vite-reporter] 
(!) Some chunks are larger than 500 kB after minification. Consider:
- Using dynamic import() to code-split the application
- Use build.rolldownOptions.output.codeSplitting to improve chunking: https://rolldown.rs/reference/OutputOptions.codeSplitting
- Adjust chunk size limit for this warning via build.chunkSizeWarningLimit.
vite v8.2.2 building ssr environment for production...
transforming...

[@tanstack/devtools-vite] Removed devtools code from: /src/routes/__root.tsx

✓ 3166 modules transformed.
rendering chunks...
Using secrets defined in process.env
▲ [WARNING] Missing required secrets: UPLOAD_API_TOKEN, OPENROUTER_API_KEY. Add them to .dev.vars, .env, or set as environment variables.


computing gzip size...
dist/server/wrangler.json                                      1.55 kB │ gzip:   0.84 kB
dist/server/.vite/manifest.json                                6.77 kB │ gzip:   1.12 kB
dist/server/assets/managed-chat-controls-BvXROlNY.css          3.78 kB │ gzip:   1.25 kB
dist/server/assets/styles--cfo4NXY.css                        82.27 kB │ gzip:  16.49 kB
dist/server/assets/server-access.server-B-E2Hj0o.js            0.08 kB │ gzip:   0.08 kB
dist/server/assets/usage-FcqKVyYO.js                           0.14 kB │ gzip:   0.12 kB
dist/server/assets/docs-udQ07jdn.js                            0.15 kB │ gzip:   0.13 kB
dist/server/assets/clients-BkuPDu-3.js                         0.16 kB │ gzip:   0.14 kB
dist/server/assets/console-DrC6GPKE.js                         0.16 kB │ gzip:   0.14 kB
dist/server/assets/messages-KxJa7rm8.js                        0.16 kB │ gzip:   0.14 kB
dist/server/assets/settings-D3kn_OXY.js                        0.16 kB │ gzip:   0.14 kB
dist/server/assets/ai-persona-BE75u9bf.js                      0.16 kB │ gzip:   0.14 kB
dist/server/assets/characters-BPjinb6N.js                      0.16 kB │ gzip:   0.14 kB
dist/server/assets/start-DxgovzEb.js                           0.22 kB │ gzip:   0.17 kB
dist/server/assets/empty-plugin-adapters-D7mxBbir.js           0.28 kB │ gzip:   0.18 kB
dist/server/assets/_portal-DOgg1rnc.js                         1.46 kB │ gzip:   0.75 kB
dist/server/assets/_tanstack-start-manifest_v-Cq9lojSL.js      2.53 kB │ gzip:   0.64 kB
dist/server/assets/matchContext-BJuTIfvk.js                    2.70 kB │ gzip:   1.13 kB
dist/server/assets/react-dom-DFz6zqDu.js                      74.30 kB │ gzip:  20.00 kB
dist/server/assets/manifest-BDLu45U3.js                       93.75 kB │ gzip:  22.25 kB
dist/server/assets/routes-DZJyz1h0.js                        230.92 kB │ gzip:  43.53 kB
dist/server/assets/mqtt.esm-D_637COy.js                      471.54 kB │ gzip: 124.36 kB
dist/server/index.js                                         669.73 kB │ gzip: 137.48 kB
dist/server/assets/managed-chat-controls-Cofb2Ob6.js         818.66 kB │ gzip: 195.11 kB
dist/server/assets/router-B44_WOkF.js                      2,023.34 kB │ gzip: 313.47 kB

[INEFFECTIVE_DYNAMIC_IMPORT] src/server/server-access.server.ts is dynamically imported by src/routes/api/ai/chat.ts but also statically imported by src/routes/api/auth.ts, src/routes/api/character-tracking.ts, src/routes/api/characters.ts, src/routes/api/characters/profile.ts, src/routes/api/messages.ts, ..., dynamic import will not move module into another chunk.

✓ built in 1.47s
