
 ⛅️ wrangler 4.129.0 (update available 4.131.2)
───────────────────────────────────────────────
Resource location: remote 

Migrations to be applied:
┌───────────────────────┐
│ name                  │
├───────────────────────┤
│ 0016_ai_reception.sql │
└───────────────────────┘
? About to apply 1 migration(s)
Your database may not be available to serve requests during the migration, continue?
🤖 Using fallback value in non-interactive context: yes
🌀 Executing on remote database aion2web-db (506fb168-4216-41e0-a9a5-0fc957fb9c8c):
🌀 To execute on your local development database, remove the --remote flag from your wrangler command.
🚣 Executed 6 commands in 3.77ms
┌───────────────────────┬────────┐
│ name                  │ status │
├───────────────────────┼────────┤
│ 0016_ai_reception.sql │ ✅     │
└───────────────────────┴────────┘
