
 ⛅️ wrangler 4.129.0 (update available 4.132.0)
───────────────────────────────────────────────
Using redirected Wrangler configuration.
 - Configuration being used: "dist\server\wrangler.json"
 - Original user's configuration: "wrangler.jsonc"
 - Deploy configuration file: ".wrangler\deploy\config.json"
Attaching additional modules:
┌───────────────────────────────────────────────┬──────┬─────────────┐
│ Name                                          │ Type │ Size        │
├───────────────────────────────────────────────┼──────┼─────────────┤
│ assets/characters-BPjinb6N.js                 │ esm  │ 0.16 KiB    │
├───────────────────────────────────────────────┼──────┼─────────────┤
│ assets/clients-BkuPDu-3.js                    │ esm  │ 0.16 KiB    │
├───────────────────────────────────────────────┼──────┼─────────────┤
│ assets/console-DrC6GPKE.js                    │ esm  │ 0.16 KiB    │
├───────────────────────────────────────────────┼──────┼─────────────┤
│ assets/docs-udQ07jdn.js                       │ esm  │ 0.15 KiB    │
├───────────────────────────────────────────────┼──────┼─────────────┤
│ assets/empty-plugin-adapters-D7mxBbir.js      │ esm  │ 0.28 KiB    │
├───────────────────────────────────────────────┼──────┼─────────────┤
│ assets/manifest-BDLu45U3.js                   │ esm  │ 91.56 KiB   │
├───────────────────────────────────────────────┼──────┼─────────────┤
│ assets/matchContext-BJuTIfvk.js               │ esm  │ 2.65 KiB    │
├───────────────────────────────────────────────┼──────┼─────────────┤
│ assets/messages-KxJa7rm8.js                   │ esm  │ 0.16 KiB    │
├───────────────────────────────────────────────┼──────┼─────────────┤
│ assets/mqtt.esm-D_637COy.js                   │ esm  │ 460.49 KiB  │
├───────────────────────────────────────────────┼──────┼─────────────┤
│ assets/react-dom-DFz6zqDu.js                  │ esm  │ 72.57 KiB   │
├───────────────────────────────────────────────┼──────┼─────────────┤
│ assets/reception-B4nm14bB.js                  │ esm  │ 0.15 KiB    │
├───────────────────────────────────────────────┼──────┼─────────────┤
│ assets/reception-panel-C-JM04yq.js            │ esm  │ 865.17 KiB  │
├───────────────────────────────────────────────┼──────┼─────────────┤
│ assets/router-CwlTL7vu.js                     │ esm  │ 1992.17 KiB │
├───────────────────────────────────────────────┼──────┼─────────────┤
│ assets/routes-BoMgr-SY.js                     │ esm  │ 221.21 KiB  │
├───────────────────────────────────────────────┼──────┼─────────────┤
│ assets/server-access.server-BUknRt1x.js       │ esm  │ 0.09 KiB    │
├───────────────────────────────────────────────┼──────┼─────────────┤
│ assets/settings-D3kn_OXY.js                   │ esm  │ 0.16 KiB    │
├───────────────────────────────────────────────┼──────┼─────────────┤
│ assets/start-DxgovzEb.js                      │ esm  │ 0.22 KiB    │
├───────────────────────────────────────────────┼──────┼─────────────┤
│ assets/usage-FcqKVyYO.js                      │ esm  │ 0.14 KiB    │
├───────────────────────────────────────────────┼──────┼─────────────┤
│ assets/_portal-akMs_Sh2.js                    │ esm  │ 1.43 KiB    │
├───────────────────────────────────────────────┼──────┼─────────────┤
│ assets/_tanstack-start-manifest_v-BlY65sNa.js │ esm  │ 2.52 KiB    │
├───────────────────────────────────────────────┼──────┼─────────────┤
│ Total (20 modules)                            │      │ 3711.57 KiB │
└───────────────────────────────────────────────┴──────┴─────────────┘
🌀 Building list of assets...
✨ Read 18 files from the assets directory E:\project\aion2web\dist\client
🌀 Starting asset upload...
🌀 Found 4 new or modified static assets to upload. Proceeding with upload...
+ /assets/_portal-B0xK3DAQ.js
+ /assets/index-Cj0LepIx.js
+ /assets/styles-snPQGRGk.css
+ /assets/routes-BRQxNAoA.js
Uploaded 1 of 4 assets
Uploaded 2 of 4 assets
Uploaded 4 of 4 assets
✨ Success! Uploaded 4 files (12 already uploaded) (3.48 sec)

Total Upload: 4365.61 KiB / gzip: 849.07 KiB
Worker Startup Time: 23 ms
Your Worker has access to the following bindings:
Binding                                                             Resource                  
env.DB (aion2web-db)                                                D1 Database               
env.CLOUDFLARE_ACCOUNT_ID ("eb1e201a3afb3d17f33285240edd595e")      Environment Variable      

Uploaded aion2web (18.27 sec)
Deployed aion2web triggers (1.03 sec)
  https://aion2web.cc328496536.workers.dev
Current Version ID: f6fc14ef-457a-4e80-b7c6-389f987e7399
