
 ⛅️ wrangler 4.144.0
────────────────────
Attaching additional modules:
┌───────────────────────────────────────────────┬──────┬─────────────┐
│ Name                                          │ Type │ Size        │
├───────────────────────────────────────────────┼──────┼─────────────┤
│ assets/characters-BPjinb6N.js                 │ esm  │ 0.16 KiB    │
├───────────────────────────────────────────────┼──────┼─────────────┤
│ assets/clients-BkuPDu-3.js                    │ esm  │ 0.16 KiB    │
├───────────────────────────────────────────────┼──────┼─────────────┤
│ assets/console-DrC6GPKE.js                    │ esm  │ 0.16 KiB    │
├───────────────────────────────────────────────┼──────┼─────────────┤
│ assets/docs-udQ07jdn.js                       │ esm  │ 0.15 KiB    │
├───────────────────────────────────────────────┼──────┼─────────────┤
│ assets/empty-plugin-adapters-D7mxBbir.js      │ esm  │ 0.28 KiB    │
├───────────────────────────────────────────────┼──────┼─────────────┤
│ assets/intelligence-DaWblOqe.js               │ esm  │ 0.15 KiB    │
├───────────────────────────────────────────────┼──────┼─────────────┤
│ assets/manifest-BDLu45U3.js                   │ esm  │ 91.56 KiB   │
├───────────────────────────────────────────────┼──────┼─────────────┤
│ assets/matchContext-BJuTIfvk.js               │ esm  │ 2.65 KiB    │
├───────────────────────────────────────────────┼──────┼─────────────┤
│ assets/messages-KxJa7rm8.js                   │ esm  │ 0.16 KiB    │
├───────────────────────────────────────────────┼──────┼─────────────┤
│ assets/mqtt.esm-D_637COy.js                   │ esm  │ 460.49 KiB  │
├───────────────────────────────────────────────┼──────┼─────────────┤
│ assets/react-dom-DFz6zqDu.js                  │ esm  │ 72.57 KiB   │
├───────────────────────────────────────────────┼──────┼─────────────┤
│ assets/reception-B4nm14bB.js                  │ esm  │ 0.15 KiB    │
├───────────────────────────────────────────────┼──────┼─────────────┤
│ assets/reception-panel-DLakmtl_.js            │ esm  │ 910.22 KiB  │
├───────────────────────────────────────────────┼──────┼─────────────┤
│ assets/router-B2Jd8m34.js                     │ esm  │ 2037.72 KiB │
├───────────────────────────────────────────────┼──────┼─────────────┤
│ assets/routes-BlHTLAYN.js                     │ esm  │ 249.73 KiB  │
├───────────────────────────────────────────────┼──────┼─────────────┤
│ assets/server-access.server-DbEFvnWT.js       │ esm  │ 0.09 KiB    │
├───────────────────────────────────────────────┼──────┼─────────────┤
│ assets/settings-D3kn_OXY.js                   │ esm  │ 0.16 KiB    │
├───────────────────────────────────────────────┼──────┼─────────────┤
│ assets/start-DxgovzEb.js                      │ esm  │ 0.22 KiB    │
├───────────────────────────────────────────────┼──────┼─────────────┤
│ assets/usage-FcqKVyYO.js                      │ esm  │ 0.14 KiB    │
├───────────────────────────────────────────────┼──────┼─────────────┤
│ assets/_portal-BPMcUiSY.js                    │ esm  │ 1.43 KiB    │
├───────────────────────────────────────────────┼──────┼─────────────┤
│ assets/_tanstack-start-manifest_v-84sRue-x.js │ esm  │ 2.79 KiB    │
├───────────────────────────────────────────────┼──────┼─────────────┤
│ Total (21 modules)                            │      │ 3831.11 KiB │
└───────────────────────────────────────────────┴──────┴─────────────┘
🌀 Building list of assets...
✨ Read 19 files from the assets directory E:\project\aion2web\dist\client
🌀 Starting asset upload...
No updated asset files to upload. Proceeding with deployment...
Total Upload: 4485.15 KiB / gzip: 874.01 KiB
Worker Startup Time: 14 ms
Your Worker has access to the following bindings:
Binding                                                             Resource                  
env.DB (aion2web-db)                                                D1 Database               
env.CLOUDFLARE_ACCOUNT_ID ("eb1e201a3afb3d17f33285240edd595e")      Environment Variable      

Uploaded aion2web (6.30 sec)
Deployed aion2web triggers (1.88 sec)
  mmorpgchat.com (custom domain)
Current Version ID: df5c08d6-4fc7-4497-9000-5de3d7a882a7
